Detecting compiler hash for triplet x64-linux...
Compiler found: /usr/bin/c++
The following packages are already installed:
  * boost-assert:x64-linux@1.88.0
  * boost-cmake:x64-linux@1.88.0
  * boost-config:x64-linux@1.88.0
  * boost-core:x64-linux@1.88.0
  * boost-headers:x64-linux@1.88.0
  * boost-optional:x64-linux@1.88.0
  * boost-static-assert:x64-linux@1.88.0
  * boost-throw-exception:x64-linux@1.88.0
  * boost-type-traits:x64-linux@1.88.0
  * boost-uninstall:x64-linux@1.88.0
    catch2:x64-linux@3.8.1
  * console-bridge:x64-linux@1.0.2
    cppitertools:x64-linux@2.2
    cpptrace:x64-linux@1.0.2
    dylib:x64-linux@2.2.1
    eigen3:x64-linux@3.4.0#5
    fmt:x64-linux@10.2.1
  * libdwarf:x64-linux@2.1.0
    libigl:x64-linux@2.6.0
    magic-enum:x64-linux@0.9.7#1
    nlohmann-json:x64-linux@3.12.0
    octree:x64-linux@2025.10.7
    spdlog:x64-linux@1.12.0
  * stb:x64-linux@2024-07-29#1
    tbb:x64-linux@2022.1.0
    tinygltf:x64-linux@2.9.6
  * tinyxml:x64-linux@2.6.2#10
    urdfdom:x64-linux@3.1.1
  * urdfdom-headers:x64-linux@1.1.1
  * vcpkg-boost:x64-linux@2025-03-29
  * vcpkg-cmake:x64-linux@2024-04-23
  * vcpkg-cmake-config:x64-linux@2024-05-23
  * zlib:x64-linux@1.3.1
  * zstd:x64-linux@1.5.7
catch2 provides CMake targets:

  # this is heuristically generated, and may not be correct
  find_package(Catch2 CONFIG REQUIRED)
  target_link_libraries(main PRIVATE Catch2::Catch2 Catch2::Catch2WithMain)

catch2 provides pkg-config modules:

  # A modern, C++-native test framework for C++14 and above (links in default main)
  catch2-with-main

  # A modern, C++-native, test framework for C++14 and above
  catch2

cppitertools provides CMake targets:

  # this is heuristically generated, and may not be correct
  find_package(cppitertools CONFIG REQUIRED)
  target_link_libraries(main PRIVATE cppitertools::cppitertools)

cpptrace provides CMake targets:

  find_package(cpptrace CONFIG REQUIRED)
  target_link_libraries(main PRIVATE cpptrace::cpptrace)

dylib is header-only and can be used from CMake via:

  find_path(DYLIB_INCLUDE_DIRS "dylib.hpp")
  target_include_directories(main PRIVATE ${DYLIB_INCLUDE_DIRS})

dylib provides pkg-config modules:

  # C++ cross-platform wrapper around dynamic loading of shared libraries
  dylib

eigen3 provides CMake targets:

  # this is heuristically generated, and may not be correct
  find_package(Eigen3 CONFIG REQUIRED)
  target_link_libraries(main PRIVATE Eigen3::Eigen)

eigen3 provides pkg-config modules:

  # A C++ template library for linear algebra: vectors, matrices, and related algorithms
  eigen3

The package fmt provides CMake targets:

    find_package(fmt CONFIG REQUIRED)
    target_link_libraries(main PRIVATE fmt::fmt)

    # Or use the header-only version
    find_package(fmt CONFIG REQUIRED)
    target_link_libraries(main PRIVATE fmt::fmt-header-only)

libigl provides CMake targets:

  # this is heuristically generated, and may not be correct
  find_package(libigl CONFIG REQUIRED)
  target_link_libraries(main PRIVATE igl::igl_core igl_copyleft::igl_copyleft_core)

magic-enum provides CMake targets:

    find_package(magic_enum CONFIG REQUIRED)
    target_link_libraries(main PRIVATE magic_enum::magic_enum)

The package nlohmann-json provides CMake targets:

    find_package(nlohmann_json CONFIG REQUIRED)
    target_link_libraries(main PRIVATE nlohmann_json::nlohmann_json)

The package nlohmann-json can be configured to not provide implicit conversions via a custom triplet file:

    set(nlohmann-json_IMPLICIT_CONVERSIONS OFF)

For more information, see the docs here:
    
    https://json.nlohmann.me/api/macros/json_use_implicit_conversions/

Octree provides CMake targets:

    find_package(Octree CONFIG REQUIRED)
    target_link_libraries(main PRIVATE Octree::Octree)

The package spdlog provides CMake targets:

    find_package(spdlog CONFIG REQUIRED)
    target_link_libraries(main PRIVATE spdlog::spdlog)

    # Or use the header-only version
    find_package(spdlog CONFIG REQUIRED)
    target_link_libraries(main PRIVATE spdlog::spdlog_header_only)

tbb provides CMake targets:

  # this is heuristically generated, and may not be correct
  find_package(TBB CONFIG REQUIRED)
  target_link_libraries(main PRIVATE TBB::tbb TBB::tbbmalloc)

tbb provides pkg-config modules:

  # C++ library for parallel programming on multi-core processors.
  tbb

tinygltf is header-only and can be used from CMake via:

  find_path(TINYGLTF_INCLUDE_DIRS "tiny_gltf.h")
  target_include_directories(main PRIVATE ${TINYGLTF_INCLUDE_DIRS})

urdfdom provides CMake targets:

  # this is heuristically generated, and may not be correct
  find_package(urdfdom CONFIG REQUIRED)
  # note: 1 additional targets are not displayed.
  target_link_libraries(main PRIVATE urdfdom::urdf_parser urdfdom::urdfdom_model urdfdom::urdfdom_world urdfdom::urdfdom_sensor)

urdfdom provides pkg-config modules:

  # Unified Robot Description Format
  urdfdom

All requested installations completed successfully in: 852 us
